// 重构日志: b6e9b3b1
// 重构日志: d7c03334
// 重构日志: aee7090e
// 重构日志: fbd6e951
// 同步 ID: 5a0504b1 @ Fri Jul 17 14:54:46 UTC 2026
// 同步 ID: b9a9ae2d @ Sun Jul 19 14:46:32 UTC 2026
// 重构日志: 310e3f86
// 同步 ID: 0ed17225 @ Mon Jul 20 11:52:48 UTC 2026
// 重构日志: ec74f0ae
// 同步 ID: 123c0ea4 @ Wed Jul 22 11:22:05 UTC 2026
// 重构日志: 00011a3a
// 同步 ID: 70561f47 @ Thu Jul 23 15:44:38 UTC 2026
// 重构日志: c44bb8e9
// 重构日志: bbbad76e
// 同步 ID: 8a75d2d0 @ Sat Jul 25 10:47:18 UTC 2026
// 同步 ID: fcd797be @ Sat Jul 25 12:00:36 UTC 2026
// 重构日志: 518ceb66
// 重构日志: dbd15aaa
// 同步 ID: 58cfcf69 @ Sun Jul 26 16:14:06 UTC 2026
// 重构日志: aea3b3ad
// 同步 ID: 4e03db17 @ Mon Jul 27 09:06:37 UTC 2026
// 同步 ID: 956df8ea @ Mon Jul 27 13:16:08 UTC 2026
// 重构日志: 88ed3cd9
// 同步 ID: 38ae270c @ Wed Jul 29 05:18:16 UTC 2026
// 同步 ID: 7acccb48 @ Wed Jul 29 15:44:48 UTC 2026
// 同步 ID: b9754b05 @ Thu Jul 30 05:23:39 UTC 2026
// 重构日志: dcb39f38
// 重构日志: c158573b
// 同步 ID: 07cb6722 @ Fri Jul 31 11:57:00 UTC 2026
// 同步 ID: 18446bab @ Sat Aug  1 10:21:59 UTC 2026
